// Jest Snapshot v1, https://goo.gl/fbAQLP

exports[`DashBoard will match snapshot 1`] = `
Object {
  "asFragment": [Function],
  "baseElement": <body>
    <div>
      <div>
        <h3>
          Dashboard
        </h3>
        <div
          class="dashboard-container"
        >
          <h2>
            New question
          </h2>
          <hr />
          <div
            class="questions"
          >
            <div
              class="question-card"
            >
              <h3>
                mtsamis
              </h3>
              <p>
                02:16:AM | 05/01/2017
              </p>
              <a
                href="/question/xj352vofupe1dqz9emx13r"
              >
                <button
                  class="show-button"
                >
                  Show
                </button>
              </a>
            </div>
            <div
              class="question-card"
            >
              <h3>
                tylermcginnis
              </h3>
              <p>
                07:09:PM | 03/15/2017
              </p>
              <a
                href="/question/vthrdm985a262al8qx3do"
              >
                <button
                  class="show-button"
                >
                  Show
                </button>
              </a>
            </div>
          </div>
        </div>
        <div
          class="dashboard-container"
        >
          <h2>
            Done
          </h2>
          <hr />
          <div
            class="questions"
          >
            <div
              class="question-card"
            >
              <h3>
                sarahedo
              </h3>
              <p>
                05:22:AM | 03/04/2017
              </p>
              <a
                href="/question/am8ehyc8byjqgar0jgpub9"
              >
                <button
                  class="show-button"
                >
                  Show
                </button>
              </a>
            </div>
            <div
              class="question-card"
            >
              <h3>
                tylermcginnis
              </h3>
              <p>
                06:42:PM | 12/24/2016
              </p>
              <a
                href="/question/loxhs1bqm25b708cmbf3g"
              >
                <button
                  class="show-button"
                >
                  Show
                </button>
              </a>
            </div>
            <div
              class="question-card"
            >
              <h3>
                mtsamis
              </h3>
              <p>
                02:02:PM | 07/14/2016
              </p>
              <a
                href="/question/6ni6ok3ym7mf1p33lnez"
              >
                <button
                  class="show-button"
                >
                  Show
                </button>
              </a>
            </div>
            <div
              class="question-card"
            >
              <h3>
                sarahedo
              </h3>
              <p>
                09:21:AM | 06/29/2016
              </p>
              <a
                href="/question/8xf0y6ziyjabvozdd253nd"
              >
                <button
                  class="show-button"
                >
                  Show
                </button>
              </a>
            </div>
          </div>
        </div>
      </div>
    </div>
  </body>,
  "container": <div>
    <div>
      <h3>
        Dashboard
      </h3>
      <div
        class="dashboard-container"
      >
        <h2>
          New question
        </h2>
        <hr />
        <div
          class="questions"
        >
          <div
            class="question-card"
          >
            <h3>
              mtsamis
            </h3>
            <p>
              02:16:AM | 05/01/2017
            </p>
            <a
              href="/question/xj352vofupe1dqz9emx13r"
            >
              <button
                class="show-button"
              >
                Show
              </button>
            </a>
          </div>
          <div
            class="question-card"
          >
            <h3>
              tylermcginnis
            </h3>
            <p>
              07:09:PM | 03/15/2017
            </p>
            <a
              href="/question/vthrdm985a262al8qx3do"
            >
              <button
                class="show-button"
              >
                Show
              </button>
            </a>
          </div>
        </div>
      </div>
      <div
        class="dashboard-container"
      >
        <h2>
          Done
        </h2>
        <hr />
        <div
          class="questions"
        >
          <div
            class="question-card"
          >
            <h3>
              sarahedo
            </h3>
            <p>
              05:22:AM | 03/04/2017
            </p>
            <a
              href="/question/am8ehyc8byjqgar0jgpub9"
            >
              <button
                class="show-button"
              >
                Show
              </button>
            </a>
          </div>
          <div
            class="question-card"
          >
            <h3>
              tylermcginnis
            </h3>
            <p>
              06:42:PM | 12/24/2016
            </p>
            <a
              href="/question/loxhs1bqm25b708cmbf3g"
            >
              <button
                class="show-button"
              >
                Show
              </button>
            </a>
          </div>
          <div
            class="question-card"
          >
            <h3>
              mtsamis
            </h3>
            <p>
              02:02:PM | 07/14/2016
            </p>
            <a
              href="/question/6ni6ok3ym7mf1p33lnez"
            >
              <button
                class="show-button"
              >
                Show
              </button>
            </a>
          </div>
          <div
            class="question-card"
          >
            <h3>
              sarahedo
            </h3>
            <p>
              09:21:AM | 06/29/2016
            </p>
            <a
              href="/question/8xf0y6ziyjabvozdd253nd"
            >
              <button
                class="show-button"
              >
                Show
              </button>
            </a>
          </div>
        </div>
      </div>
    </div>
  </div>,
  "debug": [Function],
  "findAllByAltText": [Function],
  "findAllByDisplayValue": [Function],
  "findAllByLabelText": [Function],
  "findAllByPlaceholderText": [Function],
  "findAllByRole": [Function],
  "findAllByTestId": [Function],
  "findAllByText": [Function],
  "findAllByTitle": [Function],
  "findByAltText": [Function],
  "findByDisplayValue": [Function],
  "findByLabelText": [Function],
  "findByPlaceholderText": [Function],
  "findByRole": [Function],
  "findByTestId": [Function],
  "findByText": [Function],
  "findByTitle": [Function],
  "getAllByAltText": [Function],
  "getAllByDisplayValue": [Function],
  "getAllByLabelText": [Function],
  "getAllByPlaceholderText": [Function],
  "getAllByRole": [Function],
  "getAllByTestId": [Function],
  "getAllByText": [Function],
  "getAllByTitle": [Function],
  "getByAltText": [Function],
  "getByDisplayValue": [Function],
  "getByLabelText": [Function],
  "getByPlaceholderText": [Function],
  "getByRole": [Function],
  "getByTestId": [Function],
  "getByText": [Function],
  "getByTitle": [Function],
  "queryAllByAltText": [Function],
  "queryAllByDisplayValue": [Function],
  "queryAllByLabelText": [Function],
  "queryAllByPlaceholderText": [Function],
  "queryAllByRole": [Function],
  "queryAllByTestId": [Function],
  "queryAllByText": [Function],
  "queryAllByTitle": [Function],
  "queryByAltText": [Function],
  "queryByDisplayValue": [Function],
  "queryByLabelText": [Function],
  "queryByPlaceholderText": [Function],
  "queryByRole": [Function],
  "queryByTestId": [Function],
  "queryByText": [Function],
  "queryByTitle": [Function],
  "rerender": [Function],
  "store": Object {
    "@@observable": [Function],
    "dispatch": [Function],
    "getState": [Function],
    "replaceReducer": [Function],
    "subscribe": [Function],
  },
  "unmount": [Function],
}
`;
